Compiling 55 files with Solc 0.8.24
Solc 0.8.24 finished in 101.45s
Compiler run successful!

Ran 2 tests for test/GoldenMerkle.t.sol:GoldenMerkleTest
[PASS] testCommittedGoldenVectorsExecuteInActualDistributor() (gas: 7746549)
[PASS] testFuzzMerkleSingleLeaf(uint256,address,uint96) (runs: 256, μ: 1453, ~: 1384)
Suite result: ok. 2 passed; 0 failed; 0 skipped; finished in 29.10ms (26.02ms CPU time)

Ran 20 tests for test/Harvesters.t.sol:HarvestersTest
[PASS] testCollectedFeesRouteByTokenNotOrder() (gas: 222244)
[PASS] testDestinationTimelockCancel() (gas: 91744)
[PASS] testFreezeAllDestinationMutations() (gas: 23919)
[PASS] testFuzzStrayRouting(uint128,uint128) (runs: 256, μ: 173605, ~: 175441)
[PASS] testHarvestRoutesStraysAndInterval() (gas: 190217)
[PASS] testLockExtensionAndWithdrawal() (gas: 85321)
[PASS] testPendingChangePreventsFreeze() (gas: 62598)
[PASS] testPermanentLock() (gas: 45803)
[PASS] testProtectedRescue() (gas: 20247)
[PASS] testRejectExcessiveInterval() (gas: 123123)
[PASS] testRejectMillisecondsExtension() (gas: 16202)
[PASS] testRejectMillisecondsLock() (gas: 122834)
[PASS] testRejectPastLock() (gas: 122935)
[PASS] testRejectSameTokens() (gas: 118224)
[PASS] testRejectUnexpectedManager() (gas: 891429)
[PASS] testRejectUnexpectedNFT() (gas: 54006)
[PASS] testRejectZeroAndEOAAddresses() (gas: 220687)
[PASS] testRescueUnrelatedToken() (gas: 606253)
[PASS] testTokenTransferFailureRollsBackHarvest() (gas: 247712)
[PASS] testUnauthorizedMutation() (gas: 15736)
Suite result: ok. 20 passed; 0 failed; 0 skipped; finished in 36.83ms (32.54ms CPU time)

Ran 12 tests for test/Harvesters.t.sol:LockerHarvesterTest
[PASS] testDelayChangeDoesNotAcceleratePending() (gas: 56436)
[PASS] testDestinationFreezeAllPaths() (gas: 24994)
[PASS] testHarvestPermissionlessFixedAndInterval() (gas: 80798)
[PASS] testRecoveryAfterPermissionlessRelease() (gas: 82813)
[PASS] testRecoveryOnlyAfterUnlock() (gas: 97817)
[PASS] testRecoveryOwnerOnly() (gas: 19186)
[PASS] testRecoveryRejectsMissingLockerOwnership() (gas: 2094009)
[PASS] testRecoveryRejectsZeroRecipientAndSecondRecovery() (gas: 94944)
[PASS] testRejectExcessiveInterval() (gas: 117306)
[PASS] testRejectLockerWithoutPosition() (gas: 450014)
[PASS] testRejectWrongConfiguredId() (gas: 122224)
[PASS] testTimelockAndCancellation() (gas: 90762)
Suite result: ok. 12 passed; 0 failed; 0 skipped; finished in 501.29µs (327.58µs CPU time)

Ran 1 test for test/Integration.t.sol:IntegrationTest
[PASS] testFullFeeCycleConcurrentRoundsRetryAndEarlyClose() (gas: 1167773)
Suite result: ok. 1 passed; 0 failed; 0 skipped; finished in 795.46µs (301.96µs CPU time)

Ran 15 tests for test/ProposerGuardian.t.sol:ProposerGuardianTest
[PASS] testCapIsRecomputedAgainstUnreservedBalanceNotRawBalance() (gas: 228368)
[PASS] testDefaultsAreTheAgreedPolicy() (gas: 32878)
[PASS] testDustBalanceFloorsTheCapToZero() (gas: 2527366)
[PASS] testFuzzCapNeverAdmitsMoreThanItsShare(uint96,uint16,uint96) (runs: 256, μ: 2447570, ~: 2408582)
[PASS] testGuardianFollowsOwnershipUnlessSplit() (gas: 2388043)
[PASS] testGuardianPauseEndsTheCancelRace() (gas: 166562)
[PASS] testLimitSettersRejectUnreasonableValues() (gas: 29801)
[PASS] testPauseNeverStrandsAlreadyCommittedRewards() (gas: 249161)
[PASS] testRateLimitSpacesProposalsAndCancelDoesNotRefundTheSlot() (gas: 252554)
[PASS] testRoleAuthorisation() (gas: 182429)
[PASS] testShareCapBoundsASingleRound() (gas: 164196)
[PASS] testSixHourRoundsPaySixHoursApartAfterEachTwentyFourHourDelay() (gas: 593972)
[PASS] testZeroDelayAppliesOnlyToNewProposals() (gas: 293980)
[PASS] testZeroDelayHasNoGuaranteedGuardianCancellationWindow() (gas: 182016)
[PASS] testZeroDelayPaysAtSixAndTwelveHoursWithoutAnotherWait() (gas: 471744)
Suite result: ok. 15 passed; 0 failed; 0 skipped; finished in 40.75ms (37.28ms CPU time)

Ran 13 tests for test/FeeSplitter.t.sol:FeeSplitterTest
[PASS] testAuthorizationAndRescue() (gas: 121229)
[PASS] testConstructorValidation() (gas: 207049)
[PASS] testExpiredFloorAndDeadline() (gas: 85500)
[PASS] testFloorBounds() (gas: 14495)
[PASS] testFloorRounding() (gas: 361543)
[PASS] testFuzzFixedDickSplit(uint128) (runs: 256, μ: 104169, ~: 106214)
[PASS] testFuzzWethSplit(uint128) (runs: 256, μ: 418141, ~: 422641)
[PASS] testMissingFloorFailsClosed() (gas: 1722281)
[PASS] testNoGasDrain() (gas: 74109)
[PASS] testProtectedRewardForwarding() (gas: 77216)
[PASS] testRepeatedProcessingAndRevocation() (gas: 524160)
[PASS] testRouteAndAllowanceAndCap() (gas: 470634)
[PASS] testRouterCannotLie() (gas: 383743)
Suite result: ok. 13 passed; 0 failed; 0 skipped; finished in 47.26ms (43.19ms CPU time)

Ran 10 tests for test/LegacyFees.t.sol:LegacyFeesTest
[PASS] testConstructorRejectsDisabledModule() (gas: 81692)
[PASS] testConstructorRejectsInvalidAddresses() (gas: 317027)
[PASS] testDisabledModuleCannotHarvest() (gas: 97660)
[PASS] testEmptySafeIsNoOp() (gas: 23229)
[PASS] testFuzzCallerCannotRedirect(address,uint96) (runs: 256, μ: 98527, ~: 100089)
[PASS] testHistoricalSafeUsesSameCreatorAndFixedDestination() (gas: 766692)
[PASS] testLegacyAuthorityRequiredEvenWhenEmpty() (gas: 33377)
[PASS] testPermissionlessHarvestIncludesHistoricFeesAndKeepsOtherAssets() (gas: 712860)
[PASS] testRecipientTransferFailurePreservesFees() (gas: 117957)
[PASS] testRejectsEmptyAndDuplicateSafeList() (gas: 141511)
Suite result: ok. 10 passed; 0 failed; 0 skipped; finished in 19.27ms (19.12ms CPU time)

Ran 8 tests for test/audit/DistributorSecurity.t.sol:DistributorSecurityAuditTest
[PASS] testAtomicRogueProposalRequiresOwnerToReleaseReserve() (gas: 303200)
[PASS] testCallbackCannotCloseStealOrReenterDuringPayment() (gas: 2937319)
[PASS] testFuzzTimeBoundaries(uint32,uint32) (runs: 256, μ: 269291, ~: 269291)
[PASS] testFuzzUnprivilegedCannotAdministerOrExecute(uint160,uint96) (runs: 256, μ: 30721, ~: 31445)
[PASS] testInvalidSecondProofRollsBackFirstTransferAndPaidFlag() (gas: 243797)
[PASS] testOwnerCanAuthorizeAnArbitraryRewardRecipient() (gas: 251838)
[PASS] testSupportedTokenFailurePreservesEntitlementAndRetryPaysOnce() (gas: 298360)
[PASS] testTaxedRewardWouldBeRecordedPaidDespiteUnderDelivery() (gas: 2568668)
Suite result: ok. 8 passed; 0 failed; 0 skipped; finished in 54.68ms (50.94ms CPU time)

Ran 10 tests for test/VammHarvester.t.sol:VammHarvesterTest
[PASS] testClaimAndForwardFailuresRollBackAccounting() (gas: 521747)
[PASS] testCooldownBoundariesAndEmptyHarvestAreSafe() (gas: 291648)
[PASS] testDelayFreezeAndTwoStepOwnerHandoff() (gas: 102356)
[PASS] testFuzzClaimRoutesBothSidesWithoutConsumingLP(uint96,uint96) (runs: 256, μ: 312900, ~: 317350)
[PASS] testLockCanOnlyExtendAndBadRecipientsAreRejected() (gas: 167952)
[PASS] testNoLPRequiredToFlushPreviouslyBookedFeesOrDonations() (gas: 326476)
[PASS] testPermanentLockProtectsLaterContributionsButClaimsContinue() (gas: 334907)
[PASS] testPoolCallbackCannotReenterHarvest() (gas: 302176)
[PASS] testRejectsWrongFactoryPairAndStablePool() (gas: 1851870)
[PASS] testRescueCannotBypassLPLockAndOnlyOwnerCanWithdraw() (gas: 159798)
Suite result: ok. 10 passed; 0 failed; 0 skipped; finished in 34.78ms (34.49ms CPU time)

Ran 1 test for test/audit/AccountingInvariant.t.sol:AccountingSecurityAuditInvariantTest
[PASS] invariantTwoRecipientPartialPaymentsAndConcurrentReserves() (runs: 128, calls: 8192, reverts: 0)

╭------------------------+----------+-------+---------+----------╮
| Contract               | Selector | Calls | Reverts | Discards |
+================================================================+
| AuditAccountingHandler | step     | 8192  | 0       | 0        |
╰------------------------+----------+-------+---------+----------╯

Suite result: ok. 1 passed; 0 failed; 0 skipped; finished in 832.68ms (828.56ms CPU time)

Ran 1 test for test/audit/VammInvariant.t.sol:VammAuditInvariantTest
[PASS] invariantPrincipalAndTokenConservationAcrossHostileSequences() (runs: 128, calls: 8192, reverts: 0)

╭------------------+------------+-------+---------+----------╮
| Contract         | Selector   | Calls | Reverts | Discards |
+============================================================+
| VammAuditHandler | accrue     | 1052  | 0       | 0        |
|------------------+------------+-------+---------+----------|
| VammAuditHandler | advance    | 986   | 0       | 0        |
|------------------+------------+-------+---------+----------|
| VammAuditHandler | attack     | 1047  | 0       | 0        |
|------------------+------------+-------+---------+----------|
| VammAuditHandler | contribute | 999   | 0       | 0        |
|------------------+------------+-------+---------+----------|
| VammAuditHandler | donate     | 975   | 0       | 0        |
|------------------+------------+-------+---------+----------|
| VammAuditHandler | fault      | 988   | 0       | 0        |
|------------------+------------+-------+---------+----------|
| VammAuditHandler | harvest    | 1107  | 0       | 0        |
|------------------+------------+-------+---------+----------|
| VammAuditHandler | policy     | 1038  | 0       | 0        |
╰------------------+------------+-------+---------+----------╯

Suite result: ok. 1 passed; 0 failed; 0 skipped; finished in 960.54ms (960.17ms CPU time)

Ran 1 test for test/ReservationInvariant.t.sol:ReservationDefaultLimitsInvariantTest
[PASS] invariantReservationConservationAndNoDoublePayment() (runs: 128, calls: 8192, reverts: 0)

╭---------------------------------+-------------+-------+---------+----------╮
| Contract                        | Selector    | Calls | Reverts | Discards |
+============================================================================+
| ReservationDefaultLimitsHandler | activate    | 1014  | 0       | 0        |
|---------------------------------+-------------+-------+---------+----------|
| ReservationDefaultLimitsHandler | advanceTime | 1010  | 0       | 0        |
|---------------------------------+-------------+-------+---------+----------|
| ReservationDefaultLimitsHandler | cancel      | 1034  | 0       | 0        |
|---------------------------------+-------------+-------+---------+----------|
| ReservationDefaultLimitsHandler | close       | 1013  | 0       | 0        |
|---------------------------------+-------------+-------+---------+----------|
| ReservationDefaultLimitsHandler | fund        | 1007  | 0       | 0        |
|---------------------------------+-------------+-------+---------+----------|
| ReservationDefaultLimitsHandler | guidance    | 1044  | 0       | 0        |
|---------------------------------+-------------+-------+---------+----------|
| ReservationDefaultLimitsHandler | pay         | 1055  | 0       | 0        |
|---------------------------------+-------------+-------+---------+----------|
| ReservationDefaultLimitsHandler | propose     | 1015  | 0       | 0        |
╰---------------------------------+-------------+-------+---------+----------╯

Suite result: ok. 1 passed; 0 failed; 0 skipped; finished in 991.48ms (991.18ms CPU time)

Ran 7 tests for test/SwapExecutor.t.sol:SwapExecutorTest
[PASS] testDeadlineExpiryFloorRoundingAndStricterKeeperMinimum() (gas: 687106)
[PASS] testFloorSetterIsNarrowAndBoundedAndExclusiveWithKeeper() (gas: 156718)
[PASS] testFuzzWholeAllocation(uint128) (runs: 256, μ: 362041, ~: 362041)
[PASS] testKeeperAndOwnerBoundariesAndProtectedTokens() (gas: 204732)
[PASS] testMissingFloorFailsClosedAndInvalidRouteRejected() (gas: 2030123)
[PASS] testRejectsLyingOutputAndIncompleteInputWithAtomicRollback() (gas: 639650)
[PASS] testSwapsWholeCappedAllocationToFixedDistributor() (gas: 406524)
Suite result: ok. 7 passed; 0 failed; 0 skipped; finished in 19.05ms (19.16ms CPU time)

Ran 5 tests for test/BaseFork.t.sol:BaseForkTest
[PASS] testForkActualUnlockRecovery() (gas: 1075531)
[SKIP] testForkOptionalAeroCollect() (gas: 0)
[PASS] testForkRealLockerHarvestFixedDestinationAndProtocolCut() (gas: 2891251)
[PASS] testForkSpcxcRealTransferAndPush() (gas: 2049765)
[PASS] testForkVerifiedLockerAndDickbuttFacts() (gas: 33060)
Suite result: ok. 4 passed; 0 failed; 1 skipped; finished in 1.11s (3.82ms CPU time)

Ran 1 test for test/RealSwapFork.t.sol:RealSwapForkTest
[PASS] testNativeSpcxcActualTwoHopSwap() (gas: 2544654)
Suite result: ok. 1 passed; 0 failed; 0 skipped; finished in 1.07s (4.07ms CPU time)

Ran 7 tests for test/SepoliaSupport.t.sol:SepoliaSupportTest
[PASS] testCollectRequiresPositionOwnership() (gas: 153614)
[PASS] testFaucetIsOpenButBlockingIsAdminOnly() (gas: 97366)
[PASS] testFeeAmountsStayAdjustableAfterOwnershipHandoff() (gas: 26833)
[PASS] testOnlyFeeAdminAdjustsFeesAndTheRoleIsTransferable() (gas: 34500)
[PASS] testPositionFeesAreAdminOnly() (gas: 262523)
[PASS] testQuoterAgreesWithTheRouterItQuotesFor() (gas: 475035)
[PASS] testRouterHonoursDeadlineAndMinimumOutput() (gas: 361154)
Suite result: ok. 7 passed; 0 failed; 0 skipped; finished in 987.71µs (641.17µs CPU time)

Ran 1 test for test/LegacyFork.t.sol:LegacyForkTest
[PASS] testForkRealModuleClaimsBothSafesAfterLockerCollection() (gas: 819681)
Suite result: ok. 1 passed; 0 failed; 0 skipped; finished in 1.08s (1.76ms CPU time)

Ran 2 tests for test/NativeVammFork.t.sol:NativeVammForkTest
[PASS] testNativeVammPreviousFeesStayWithPriorOwnerAndTopUpsInheritLock() (gas: 654298)
[PASS] testNativeVammThreeSixHourClaimsAndAutomaticHolderPush() (gas: 1595504)
Logs:
  three-cycle actual SPCXc holder payout raw: 637497

Suite result: ok. 2 passed; 0 failed; 0 skipped; finished in 299.76ms (2.73ms CPU time)

Ran 10 tests for test/Distributor.t.sol:DistributorTest
[PASS] testBlockedTransferRetryAndDuplicate() (gas: 305498)
[PASS] testCancelPendingReleasesAndRecordsPlan() (gas: 175332)
[PASS] testConcurrentPendingActiveEarlyClose() (gas: 370339)
[PASS] testDuplicateAccountAndPauseRetry() (gas: 292528)
[PASS] testFuzzBatchOrderPartialRetry(uint96,uint96,bool,bool) (runs: 256, μ: 340531, ~: 322112)
[PASS] testInvalidCrossRoundProofAndKeeperRemoval() (gas: 325990)
[PASS] testMalformedRootOverspendRollsBackEntireBatch() (gas: 409177)
[PASS] testPendingReservesFunds() (gas: 151102)
[PASS] testThresholdChangeCannotStrandCommittedLeaf() (gas: 263608)
[PASS] testUnauthorizedLifecycle() (gas: 180896)
Suite result: ok. 10 passed; 0 failed; 0 skipped; finished in 29.31ms (29.64ms CPU time)

Ran 4 tests for test/NativeAeroPositionFork.t.sol:NativeAeroPositionForkTest
[PASS] testNativeDelayedNftHandoffAndPermanentLocksKeepFeesWorking() (gas: 5064798)
Logs:
  locally created real-manager NFT: 6001197
  swap fee pips: 3000
  unstaked fee pips: 0
  actual Aero DICKBUTT burned: 3000000000000000076689
  actual Aero SPCXc to distributor: 299999
  actual Aero SPCXc holder payment: 149999

[PASS] testNativeExternalTopUpsKeepPermanentLockAndFeeRouting() (gas: 5307582)
Logs:
  external top-ups completed: 2
  additional position liquidity: 99999999999999998
  locally created real-manager NFT: 6001197
  swap fee pips: 3000
  unstaked fee pips: 0
  actual Aero DICKBUTT burned: 3000000000000000013879
  actual Aero SPCXc to distributor: 299999
  actual Aero SPCXc holder payment: 149999

[PASS] testNativeExternalWalletAddsLiquidityTwiceAfterNftHandoff() (gas: 5209037)
Logs:
  external top-ups completed: 2
  additional position liquidity: 99999999999999998
  locally created real-manager NFT: 6001197
  swap fee pips: 3000
  unstaked fee pips: 0
  actual Aero DICKBUTT burned: 3000000000000000013879
  actual Aero SPCXc to distributor: 299999
  actual Aero SPCXc holder payment: 149999

[PASS] testNativeNewAeroPositionTradesCollectBurnAndRewardPush() (gas: 4972431)
Logs:
  locally created real-manager NFT: 6001197
  swap fee pips: 3000
  unstaked fee pips: 0
  actual Aero DICKBUTT burned: 3000000000000000076689
  actual Aero SPCXc to distributor: 299999
  actual Aero SPCXc holder payment: 149999

Suite result: ok. 4 passed; 0 failed; 0 skipped; finished in 100.06ms (18.98ms CPU time)

Ran 8 tests for test/SplitsBaseFork.t.sol:SplitsBaseForkTest
[PASS] testDustAndWarehouseBalancesRemainAtProtocolDestinations() (gas: 309811)
[PASS] testEmptyAndProtocolReserveOnlyDoNotAttemptTokenTransfers() (gas: 219968)
[PASS] testFuzzProtocolRoundingAndConservation(uint128) (runs: 256, μ: 194578, ~: 197842)
[PASS] testProtocolFactoryOwnerConfigAndTokenSpecificRouting() (gas: 366235)
[PASS] testRejectsModifiedDistributionAndAdapterHasNoArbitraryTokenRoute() (gas: 130739)
[PASS] testRejectsZeroDuplicateAndNonContractConfiguration() (gas: 336851)
[PASS] testUpstreamRecipientFailureRollsBackTheWholeRoute() (gas: 273916)
[PASS] testWarehouseOnlyFundsStillDistributeAndRetainOneRawUnit() (gas: 272687)
Suite result: ok. 8 passed; 0 failed; 0 skipped; finished in 1.12s (53.55ms CPU time)

Ran 1 test for test/ReservationInvariant.t.sol:ReservationInvariantTest
[PASS] invariantReservationConservationAndNoDoublePayment() (runs: 128, calls: 8192, reverts: 0)

╭--------------------+----------+-------+---------+----------╮
| Contract           | Selector | Calls | Reverts | Discards |
+============================================================+
| ReservationHandler | activate | 1168  | 0       | 0        |
|--------------------+----------+-------+---------+----------|
| ReservationHandler | cancel   | 1211  | 0       | 0        |
|--------------------+----------+-------+---------+----------|
| ReservationHandler | close    | 1159  | 0       | 0        |
|--------------------+----------+-------+---------+----------|
| ReservationHandler | fund     | 1170  | 0       | 0        |
|--------------------+----------+-------+---------+----------|
| ReservationHandler | guidance | 1157  | 0       | 0        |
|--------------------+----------+-------+---------+----------|
| ReservationHandler | pay      | 1131  | 0       | 0        |
|--------------------+----------+-------+---------+----------|
| ReservationHandler | propose  | 1196  | 0       | 0        |
╰--------------------+----------+-------+---------+----------╯

Suite result: ok. 1 passed; 0 failed; 0 skipped; finished in 1.55s (1.55s CPU time)

Ran 5 tests for test/NativeBatchFork.t.sol:NativeBatchForkTest
[PASS] testNative256RecipientBatchAndIdempotentRepeat() (gas: 20670260)
Logs:
  configured extra review seconds: 86400
  native SPCXc recipients: 256
  payout batches: 1
  maximum batch execution gas excluding transaction overhead: 14834769
  maximum call gas plus conservative intrinsic gas: 16432281
  distribution execution gas excluding transaction overhead: 14834769
  fork block gas limit: 400000000

[PASS] testNative3000RecipientRoundAt200PerBatch() (gas: 283937016)
Logs:
  configured extra review seconds: 86400
  native SPCXc recipients: 3000
  payout batches: 15
  maximum batch execution gas excluding transaction overhead: 11888967
  maximum call gas plus conservative intrinsic gas: 13552015
  distribution execution gas excluding transaction overhead: 178127265
  fork block gas limit: 400000000

[PASS] testNative3000RecipientRoundAt200PerBatchWithZeroDelay() (gas: 284098853)
Logs:
  configured extra review seconds: 0
  native SPCXc recipients: 3000
  payout batches: 15
  maximum batch execution gas excluding transaction overhead: 11888984
  maximum call gas plus conservative intrinsic gas: 13552032
  distribution execution gas excluding transaction overhead: 178127520
  fork block gas limit: 400000000

[PASS] testNative3000RecipientRoundInBatchesAndIdempotentRepeat() (gas: 283966329)
Logs:
  configured extra review seconds: 86400
  native SPCXc recipients: 3000
  payout batches: 12
  maximum batch execution gas excluding transaction overhead: 15213425
  maximum call gas plus conservative intrinsic gas: 17335225
  distribution execution gas excluding transaction overhead: 178129200
  fork block gas limit: 400000000

[PASS] testNative400RecipientBatchExceedsCurrentTransactionGasCap() (gas: 31997654)
Logs:
  configured extra review seconds: 86400
  native SPCXc recipients: 400
  payout batches: 1
  maximum batch execution gas excluding transaction overhead: 23327357
  maximum call gas plus conservative intrinsic gas: 26014405
  distribution execution gas excluding transaction overhead: 23327357
  fork block gas limit: 400000000

Suite result: ok. 5 passed; 0 failed; 0 skipped; finished in 2.02s (2.72s CPU time)

Ran 3 tests for test/NativePipelineFork.t.sol:NativePipelineForkTest
[PASS] testNativeClankerLegacySplitsSwapAndHolderPushTogether() (gas: 7908986)
Logs:
  configured extra review seconds: 86400
  SPCXc holder A: 901596188
  SPCXc holder B: 1803192376
  gross DICK from real Clanker position: 2241304228970307376150905137
  gross WETH from real Clanker position: 10117052674954033686
  legacy DICK claimed: 1344782537382184425690543082
  KC DICK: 224130422897030737615090513
  DICK burned: 2017173806073276638535814622
  KC WETH: 404682106998161347
  CDB WETH: 404682106998161347
  WETH actually swapped: 3237456855985290779
  SPCXc received from real swap: 5409577133
  USDC actually transferred between swap pools: 8129365695

[PASS] testNativeStagedCustodyNewOwnerAndSeparateBots() (gas: 8097593)
Logs:
  configured extra review seconds: 86400
  SPCXc holder A: 901596188
  SPCXc holder B: 1803192376
  gross DICK from real Clanker position: 2241304228970307376150905137
  gross WETH from real Clanker position: 10117052674954033686
  legacy DICK claimed: 1344782537382184425690543082
  KC DICK: 224130422897030737615090513
  DICK burned: 2017173806073276638535814622
  KC WETH: 404682106998161347
  CDB WETH: 404682106998161347
  WETH actually swapped: 3237456855985290779
  SPCXc received from real swap: 5409577133
  USDC actually transferred between swap pools: 8129365695

[PASS] testNativeZeroDelayClankerLegacySwapAndIndependentKeeperPush() (gas: 8082380)
Logs:
  configured extra review seconds: 0
  SPCXc holder A: 901596188
  SPCXc holder B: 1803192376
  gross DICK from real Clanker position: 2241304228970307376150905137
  gross WETH from real Clanker position: 10117052674954033686
  legacy DICK claimed: 1344782537382184425690543082
  KC DICK: 224130422897030737615090513
  DICK burned: 2017173806073276638535814622
  KC WETH: 404682106998161347
  CDB WETH: 404682106998161347
  WETH actually swapped: 3237456855985290779
  SPCXc received from real swap: 5409577133
  USDC actually transferred between swap pools: 8129365695

Suite result: ok. 3 passed; 0 failed; 0 skipped; finished in 2.02s (23.57ms CPU time)

Ran 1 test for test/ReservationInvariant.t.sol:ReservationZeroDelayInvariantTest
[PASS] invariantReservationConservationAndNoDoublePayment() (runs: 128, calls: 8192, reverts: 0)

╭-----------------------------+-------------+-------+---------+----------╮
| Contract                    | Selector    | Calls | Reverts | Discards |
+========================================================================+
| ReservationZeroDelayHandler | activate    | 988   | 0       | 0        |
|-----------------------------+-------------+-------+---------+----------|
| ReservationZeroDelayHandler | advanceTime | 1024  | 0       | 0        |
|-----------------------------+-------------+-------+---------+----------|
| ReservationZeroDelayHandler | cancel      | 1036  | 0       | 0        |
|-----------------------------+-------------+-------+---------+----------|
| ReservationZeroDelayHandler | close       | 996   | 0       | 0        |
|-----------------------------+-------------+-------+---------+----------|
| ReservationZeroDelayHandler | fund        | 1074  | 0       | 0        |
|-----------------------------+-------------+-------+---------+----------|
| ReservationZeroDelayHandler | guidance    | 990   | 0       | 0        |
|-----------------------------+-------------+-------+---------+----------|
| ReservationZeroDelayHandler | pay         | 1023  | 0       | 0        |
|-----------------------------+-------------+-------+---------+----------|
| ReservationZeroDelayHandler | propose     | 1061  | 0       | 0        |
╰-----------------------------+-------------+-------+---------+----------╯

Suite result: ok. 1 passed; 0 failed; 0 skipped; finished in 982.88ms (982.60ms CPU time)

Ran 25 test suites in 2.06s (14.46s CPU time): 148 tests passed, 0 failed, 1 skipped (149 total tests)
